::Maintain Modify Extract Installer Example.__qt__passive_wizardbutton1_QPushButton	{name='__qt__passive_wizardbutton1' type='QPushButton' visible='1' window=':Maintain Modify Extract Installer Example_MaintenanceGui'}
::Maintain Modify Extract Installer Example.qt_wizard_commit_QPushButton	{name='qt_wizard_commit' type='QPushButton' visible='1' window=':Maintain Modify Extract Installer Example_MaintenanceGui'}
::Maintain Modify Extract Installer Example.qt_wizard_finish_QPushButton	{name='qt_wizard_finish' type='QPushButton' visible='1' window=':Maintain Modify Extract Installer Example_MaintenanceGui'}
:Change Installer UI Example Setup.AcceptLicenseLabel_QLabel	{name='AcceptLicenseLabel' type='QLabel' visible='1' window=':Change Installer UI Example Setup_InstallerGui'}
:Change Installer UI Example Setup.AcceptLicenseRadioButton_QRadioButton	{name='AcceptLicenseRadioButton' type='QRadioButton' visible='1' window=':Change Installer UI Example Setup_InstallerGui'}
:Change Installer UI Example Setup.TargetDirectoryLineEdit_QLineEdit	{name='TargetDirectoryLineEdit' type='QLineEdit' visible='1' window=':Change Installer UI Example Setup_InstallerGui'}
:Change Installer UI Example Setup.__qt__passive_wizardbutton1_QPushButton	{name='qt_wizard_commit' type='QPushButton' visible='1' window=':Change Installer UI Example Setup_InstallerGui'}
:Change Installer UI Example Setup.__qt__passive_wizardbutton1_QPushButton_2	{name='__qt__passive_wizardbutton1' type='QPushButton' visible='1' window=':Change Installer UI Example Setup_InstallerGui'}
:Change Installer UI Example Setup.qt_wizard_cancel_QPushButton	{name='qt_wizard_cancel' type='QPushButton' visible='1' window=':Change Installer UI Example Setup_InstallerGui'}
:Change Installer UI Example Setup.qt_wizard_commit_QPushButton	{name='qt_wizard_finish' type='QPushButton' visible='1' window=':Change Installer UI Example Setup_InstallerGui'}
:Change Installer UI Example Setup.qt_wizard_finish_QPushButton	{name='qt_wizard_finish' type='QPushButton' visible='1' window=':Change Installer UI Example Setup_InstallerGui'}
:Change Installer UI Example Setup_InstallerGui	{type='InstallerGui' unnamed='1' visible='1' windowTitle='Change Installer UI Example Setup'}
:Component Error Example Setup.FinishedPage_QInstaller::FinishedPage	{name='FinishedPage' type='QInstaller::FinishedPage' visible='1' window=':Component Error Example Setup_InstallerGui'}
:Component Error Example Setup.IntroductionPage_QInstaller::IntroductionPage	{name='IntroductionPage' type='QInstaller::IntroductionPage' visible='1' window=':Component Error Example Setup_InstallerGui'}
:Component Error Example Setup.MessageLabel_QLabel	{name='MessageLabel' type='QLabel' visible='1' window=':Component Error Example Setup_InstallerGui'}
:Component Error Example Setup.__qt__passive_wizardbutton1_QPushButton	{name='qt_wizard_cancel' type='QPushButton' visible='1' window=':Component Error Example Setup_InstallerGui'}
:Component Error Example Setup.__qt__pazardbutton1_QPushButton	{name='__qt__passive_wizardbutton1' type='QPushButton' visible='1' window=':Component Error Example Setup_InstallerGui'}
:Component Error Example Setup.qt_wizard_finish_QPushButton	{name='qt_wizard_finish' type='QPushButton' visible='1' window=':Component Error Example Setup_InstallerGui'}
:Component Error Example Setup_InstallerGui	{type='InstallerGui' unnamed='1' visible='1' windowTitle='Component Error Example Setup'}
:Component Error Example Setup_QWidget	{type='QWidget' unnamed='1' visible='1' window=':Component Error Example Setup_InstallerGui'}
:ComponentsTreeView.Uncheckable component_QModelIndex	{column='0' container=':Hide checkbox Setup.ComponentsTreeView_QTreeView' text='Uncheckable component' type='QModelIndex'}
:Dependency Solving Example Setup.TargetDirectoryLineEdit_QLineEdit	{name='TargetDirectoryLineEdit' type='QLineEdit' visible='1' window=':Dependency Solving Example Setup_InstallerGui'}
:Dependency Solving Example Setup.__qt__passive_wizardbutton1_QPushButton	{name='__qt__passive_wizardbutton1' type='QPushButton' visible='1' window=':Dependency Solving Example Setup_InstallerGui'}
:Dependency Solving Example Setup.__qt__passive_wizardbutton1_QPushButton_2	{name='__qt__passive_wizardbutton1' type='QPushButton' visible='1' window=':Dependency Solving Example Setup_InstallerGui'}
:Dependency Solving Example Setup.qt_wizard_commit_QPushButton	{name='qt_wizard_commit' type='QPushButton' visible='1' window=':Dependency Solving Example Setup_InstallerGui'}
:Dependency Solving Example Setup.qt_wizard_finish_QPushButton	{name='qt_wizard_finish' type='QPushButton' visible='1' window=':Dependency Solving Example Setup_InstallerGui'}
:Dependency Solving Example Setup_InstallerGui	{type='InstallerGui' unnamed='1' visible='1' windowTitle='Dependency Solving Example Setup'}
:Hide checkbox Setup.ComponentsTreeView_QTreeView	{name='ComponentsTreeView' type='QTreeView' visible='1' window=':Hide checkbox Setup_InstallerGui'}
:Hide checkbox Setup.__qt__passive_wizardbutton1_QPushButton	{name='__qt__passive_wizardbutton1' type='QPushButton' visible='1' window=':Hide checkbox Setup_InstallerGui'}
:Hide checkbox Setup.__qt__passive_wizardbutton1_QPushButton_2	{name='__qt__passive_wizardbutton1' type='QPushButton' visible='1' window=':Hide checkbox Setup_InstallerGui'}
:Hide checkbox Setup.qt_wizard_commit_QPushButton	{name='qt_wizard_commit' type='QPushButton' visible='1' window=':Hide checkbox Setup_InstallerGui'}
:Hide checkbox Setup.qt_wizard_finish_QPushButton	{name='qt_wizard_finish' type='QPushButton' visible='1' window=':Hide checkbox Setup_InstallerGui'}
:Hide checkbox Setup_InstallerGui	{type='InstallerGui' unnamed='1' visible='1' windowTitle='Hide checkbox Setup'}
:License Agreement Example Setup.AcceptLicenseLabel_QLabel	{name='AcceptLicenseLabel' type='QLabel' visible='1' window=':License Agreement Example Setup_InstallerGui'}
:License Agreement Example Setup.AcceptLicenseRadioButton_QRadioButton	{name='AcceptLicenseRadioButton' type='QRadioButton' visible='1' window=':License Agreement Example Setup_InstallerGui'}
:License Agreement Example Setup.RejectLicenseLabel_QLabel	{name='RejectLicenseLabel' type='QLabel' visible='1' window=':License Agreement Example Setup_InstallerGui'}
:License Agreement Example Setup.__qt__passive_wizardbutton1_QPushButton	{name='__qt__passive_wizardbutton1' type='QPushButton' visible='1' window=':License Agreement Example Setup_InstallerGui'}
:License Agreement Example Setup.__qt__passive_wizardbutton1_QPushButton_2	{name='__qt__passive_wizardbutton1' type='QPushButton' visible='1' window=':License Agreement Example Setup_InstallerGui'}
:License Agreement Example Setup.qt_wizard_commit_QPushButton	{name='qt_wizard_commit' type='QPushButton' visible='1' window=':License Agreement Example Setup_InstallerGui'}
:License Agreement Example Setup.qt_wizard_finish_QPushButton	{name='qt_wizard_finish' type='QPushButton' visible='1' window=':License Agreement Example Setup_InstallerGui'}
:License Agreement Example Setup_InstallerGui	{type='InstallerGui' unnamed='1' visible='1' windowTitle='License Agreement Example Setup'}
:Maintain Change Installer UI Example.__qt__passive_wizardbutton1_QPushButton	{name='__qt__passive_wizardbutton1' type='QPushButton' visible='1' window=':Maintain Change Installer UI Example_MaintenanceGui'}
:Maintain Change Installer UI Example.qt_wizard_commit_QPushButton	{name='qt_wizard_commit' type='QPushButton' visible='1' window=':Maintain Change Installer UI Example_MaintenanceGui'}
:Maintain Change Installer UI Example.qt_wizard_finish_QPushButton	{name='qt_wizard_finish' type='QPushButton' visible='1' window=':Maintain Change Installer UI Example_MaintenanceGui'}
:Maintain Change Installer UI Example_MaintenanceGui	{type='MaintenanceGui' unnamed='1' visible='1' windowTitle='Maintain Change Installer UI Example'}
:Maintain Dependency Solving Example.__qt__passive_wizardbutton1_QPushButton	{name='__qt__passive_wizardbutton1' type='QPushButton' visible='1' window=':Maintain Dependency Solving Example_MaintenanceGui'}
:Maintain Dependency Solving Example.qt_wizard_commit_QPushButton	{name='qt_wizard_commit' type='QPushButton' visible='1' window=':Maintain Dependency Solving Example_MaintenanceGui'}
:Maintain Dependency Solving Example.qt_wizard_finish_QPushButton	{name='qt_wizard_finish' type='QPushButton' visible='1' window=':Maintain Dependency Solving Example_MaintenanceGui'}
:Maintain Dependency Solving Example_MaintenanceGui	{type='MaintenanceGui' unnamed='1' visible='1' windowTitle='Maintain Dependency Solving Example'}
:Maintain Hide checkbox.__qt__passive_wizardbutton1_QPushButton	{name='__qt__passive_wizardbutton1' type='QPushButton' visible='1' window=':Maintain Hide checkbox_MaintenanceGui'}
:Maintain Hide checkbox.qt_wizard_commit_QPushButton	{name='qt_wizard_commit' type='QPushButton' visible='1' window=':Maintain Hide checkbox_MaintenanceGui'}
:Maintain Hide checkbox.qt_wizard_finish_QPushButton	{name='qt_wizard_finish' type='QPushButton' visible='1' window=':Maintain Hide checkbox_MaintenanceGui'}
:Maintain Hide checkbox_MaintenanceGui	{type='MaintenanceGui' unnamed='1' visible='1' windowTitle='Maintain Hide checkbox'}
:Maintain License Agreement Example.__qt__passive_wizardbutton1_QPushButton	{name='__qt__passive_wizardbutton1' type='QPushButton' visible='1' window=':Maintain License Agreement Example_MaintenanceGui'}
:Maintain License Agreement Example.qt_wizard_commit_QPushButton	{name='qt_wizard_commit' type='QPushButton' visible='1' window=':Maintain License Agreement Example_MaintenanceGui'}
:Maintain License Agreement Example.qt_wizard_finish_QPushButton	{name='qt_wizard_finish' type='QPushButton' visible='1' window=':Maintain License Agreement Example_MaintenanceGui'}
:Maintain License Agreement Example_MaintenanceGui	{type='MaintenanceGui' unnamed='1' visible='1' windowTitle='Maintain License Agreement Example'}
:Maintain Modify Extract Installer Example.__qt__passive_wizardbutton1_QPushButton	{name='__qt__passive_wizardbutton1' type='QPushButton' visible='1' window=':Maintain Modify Extract Installer Example_MaintenanceGui'}
:Maintain Modify Extract Installer Example.qt_wizard_commit_QPushButton	{name='qt_wizard_commit' type='QPushButton' visible='1' window=':Maintain Modify Extract Installer Example_MaintenanceGui'}
:Maintain Modify Extract Installer Example.qt_wizard_finish_QPushButton	{name='qt_wizard_finish' type='QPushButton' visible='1' window=':Maintain Modify Extract Installer Example_MaintenanceGui'}
:Maintain Modify Extract Installer Example_MaintenanceGui	{type='MaintenanceGui' unnamed='1' visible='1' windowTitle='Maintain Modify Extract Installer Example'}
:Modify Extract Installer Example Setup.__qt__passive_wizardbutton1_QPushButton	{name='__qt__passive_wizardbutton1' type='QPushButton' visible='1' window=':Modify Extract Installer Example Setup_InstallerGui'}
:Modify Extract Installer Example Setup.__qt__passive_wizardbutton1_QPushButton_2	{name='__qt__passive_wizardbutton1' type='QPushButton' visible='1' window=':Modify Extract Installer Example Setup_InstallerGui'}
:Modify Extract Installer Example Setup.qt_wizard_commit_QPushButton	{name='qt_wizard_commit' type='QPushButton' visible='1' window=':Modify Extract Installer Example Setup_InstallerGui'}
:Modify Extract Installer Example Setup.qt_wizard_finish_QPushButton	{name='qt_wizard_finish' type='QPushButton' visible='1' window=':Modify Extract Installer Example Setup_InstallerGui'}
:Modify Extract Installer Example Setup_InstallerGui	{type='InstallerGui' unnamed='1' visible='1' windowTitle='Modify Extract Installer Example Setup'}
